// Jest Snapshot v1, https://goo.gl/fbAQLP

exports[`<Home /> for admin user Compares with existing modal window snapshot when "Create Poll" button is clicked 1`] = `
<div
  class="modal is-active"
  data-testid="CreatePollModal"
>
  <div
    class="modal-background"
  />
  <div
    class="modal-card"
  >
    <header
      class="modal-card-head"
    >
      <p
        class="modal-card-title"
      >
        Create a poll
      </p>
      <div
        class="buttons"
      >
        <button
          class="button is-primary"
        >
          <span>
            Question
          </span>
          <span
            class="icon"
          >
            <i
              class="fas fa-plus"
            />
          </span>
        </button>
        <button
          class="button is-primary"
          disabled=""
        >
          <span>
            Question
          </span>
          <span
            class="icon"
          >
            <i
              class="fas fa-minus"
            />
          </span>
        </button>
      </div>
    </header>
    <section
      class="modal-card-body create-poll-modal-body"
    >
      <button
        class="button create-poll-modal-arrow"
        disabled=""
        style="margin-right: 1rem;"
      >
        <span
          class="icon"
        >
          <i
            class="fas fa-arrow-left"
          />
        </span>
      </button>
      <form
        class="create-poll-modal-form"
      >
        <div
          class="field"
        >
          <label
            class="label"
          >
            Question (1/1)
          </label>
          <div
            class="control"
          >
            <textarea
              class="textarea"
              name="question"
            />
          </div>
        </div>
        <div
          class="field"
        >
          <label
            class="label"
          >
            Option 1
          </label>
          <input
            class="input"
            name="option-0"
            type="text"
            value=""
          />
        </div>
        <div
          class="field"
        >
          <label
            class="label"
          >
            Option 2
          </label>
          <input
            class="input"
            name="option-1"
            type="text"
            value=""
          />
        </div>
        <div
          class="buttons is-pulled-right"
        >
          <button
            class="button is-primary"
          >
            <span>
              Option
            </span>
            <span
              class="icon"
            >
              <i
                class="fas fa-plus"
              />
            </span>
          </button>
          <button
            class="button is-primary"
            disabled=""
          >
            <span>
              Option
            </span>
            <span
              class="icon"
            >
              <i
                class="fas fa-minus"
              />
            </span>
          </button>
        </div>
      </form>
      <button
        class="button create-poll-modal-arrow"
        disabled=""
        style="margin-left: 1rem;"
      >
        <span
          class="icon"
        >
          <i
            class="fas fa-arrow-right"
          />
        </span>
      </button>
    </section>
    <footer
      class="modal-card-foot"
    >
      <button
        class="button is-primary"
      >
        <span>
          Create
        </span>
        <span
          class="icon"
        >
          <i
            class="fas fa-check"
          />
        </span>
      </button>
      <button
        class="button"
      >
        Cancel
      </button>
      <button
        class="button"
      >
        Clear
      </button>
    </footer>
  </div>
</div>
`;
